Environments:
  BTC_USDT               train  12599 bars (5.75y)   holdout  12600 bars (5.75y)
  ETH_USDT               train  11249 bars (5.13y)   holdout  11250 bars (5.13y)
  LTC_USDT               train  12551 bars (5.73y)   holdout  12552 bars (5.73y)
  XRP_USDT               train  12596 bars (5.75y)   holdout  12596 bars (5.75y)
Excluded on cost: pencil_extrap (weight 500.00 > --cost-limit 50.00). Run it with --only pencil_extrap to search it anyway.

Tournament: 23 families, population 260, 20 generations
Survival threshold X = 0.000 on fitness = min over environments of (excess Sharpe vs buy&hold - drawdown penalty)
Structural genes: regime gate on, volatility target on
Speciation: on - breeding capacity is split across surviving families, so one early winner
            cannot take every slot and leave the rest untuned

Phase 1 (tune, generations 0..11): every family keeps its own best 4 and breeds; X is not applied.
Phase 2 (select, generations 12..19): survival requires fitness >= X = 0.000.

TUNE  0 | evaluated  260 | survivors   92 | families 23 | best   0.026 | median  -7.237 | sigma 0.180 | squeeze_breakout vt=0.15
        survivors: control_always_longx4  control_randomx4  cusum_tbx4  darvasx4  donchianx4  ehlers_trendx4  faber_max4  fib_ichimokux4  fracdiffx4  kama_trendx4  
TUNE  1 | evaluated  260 | survivors   92 | families 23 | best   0.180 | median  -1.875 | sigma 0.158 | squeeze_breakout vt=0.15
        survivors: control_always_longx4  control_randomx4  cusum_tbx4  darvasx4  donchianx4  ehlers_trendx4  faber_max4  fib_ichimokux4  fracdiffx4  kama_trendx4  
TUNE  2 | evaluated  260 | survivors   92 | families 23 | best   0.180 | median  -1.492 | sigma 0.139 | squeeze_breakout vt=0.15
        survivors: control_always_longx4  control_randomx4  cusum_tbx4  darvasx4  donchianx4  ehlers_trendx4  faber_max4  fib_ichimokux4  fracdiffx4  kama_trendx4  
TUNE  3 | evaluated  260 | survivors   92 | families 23 | best   0.180 | median  -1.223 | sigma 0.123 | squeeze_breakout vt=0.15
        survivors: control_always_longx4  control_randomx4  cusum_tbx4  darvasx4  donchianx4  ehlers_trendx4  faber_max4  fib_ichimokux4  fracdiffx4  kama_trendx4  
TUNE  4 | evaluated  260 | survivors   92 | families 23 | best   0.180 | median  -1.258 | sigma 0.108 | squeeze_breakout vt=0.15
        survivors: control_always_longx4  control_randomx4  cusum_tbx4  darvasx4  donchianx4  ehlers_trendx4  faber_max4  fib_ichimokux4  fracdiffx4  kama_trendx4  
TUNE  5 | evaluated  260 | survivors   92 | families 23 | best   0.180 | median  -0.950 | sigma 0.095 | squeeze_breakout vt=0.15
        survivors: control_always_longx4  control_randomx4  cusum_tbx4  darvasx4  donchianx4  ehlers_trendx4  faber_max4  fib_ichimokux4  fracdiffx4  kama_trendx4  
TUNE  6 | evaluated  260 | survivors   92 | families 23 | best   0.180 | median  -1.008 | sigma 0.084 | squeeze_breakout vt=0.15
        survivors: control_always_longx4  control_randomx4  cusum_tbx4  darvasx4  donchianx4  ehlers_trendx4  faber_max4  fib_ichimokux4  fracdiffx4  kama_trendx4  
TUNE  7 | evaluated  260 | survivors   92 | families 23 | best   0.180 | median  -0.767 | sigma 0.074 | squeeze_breakout vt=0.15
        survivors: control_always_longx4  control_randomx4  cusum_tbx4  darvasx4  donchianx4  ehlers_trendx4  faber_max4  fib_ichimokux4  fracdiffx4  kama_trendx4  
TUNE  8 | evaluated  260 | survivors   92 | families 23 | best   0.180 | median  -0.663 | sigma 0.065 | squeeze_breakout vt=0.15
        survivors: control_always_longx4  control_randomx4  cusum_tbx4  darvasx4  donchianx4  ehlers_trendx4  faber_max4  fib_ichimokux4  fracdiffx4  kama_trendx4  
TUNE  9 | evaluated  260 | survivors   92 | families 23 | best   0.180 | median  -0.607 | sigma 0.057 | squeeze_breakout vt=0.15
        survivors: control_always_longx4  control_randomx4  cusum_tbx4  darvasx4  donchianx4  ehlers_trendx4  faber_max4  fib_ichimokux4  fracdiffx4  kama_trendx4  
TUNE 10 | evaluated  260 | survivors   92 | families 23 | best   0.180 | median  -0.672 | sigma 0.050 | squeeze_breakout vt=0.15
        survivors: control_always_longx4  control_randomx4  cusum_tbx4  darvasx4  donchianx4  ehlers_trendx4  faber_max4  fib_ichimokux4  fracdiffx4  kama_trendx4  
TUNE 11 | evaluated  260 | survivors   92 | families 23 | best   0.180 | median  -0.736 | sigma 0.044 | squeeze_breakout vt=0.15
        survivors: control_always_longx4  control_randomx4  cusum_tbx4  darvasx4  donchianx4  ehlers_trendx4  faber_max4  fib_ichimokux4  fracdiffx4  kama_trendx4  
SEL  12 | evaluated  260 | survivors   15 | families  6 | best   0.180 | median  -0.646 | sigma 0.039 | squeeze_breakout vt=0.15
        survivors: squeeze_breakoutx5  tsmomx4  fracdiffx2  lppls_bubblex2  control_randomx1  cusum_tbx1  
SEL  13 | evaluated  260 | survivors   42 | families  6 | best   0.180 | median  -0.347 | sigma 0.034 | squeeze_breakout vt=0.15
        survivors: fracdiffx18  squeeze_breakoutx12  tsmomx8  lppls_bubblex2  control_randomx1  cusum_tbx1  
SEL  14 | evaluated  260 | survivors   40 | families  6 | best   0.207 | median  -0.366 | sigma 0.030 | tsmom vt=0.10
        survivors: squeeze_breakoutx15  fracdiffx13  tsmomx6  lppls_bubblex3  control_randomx2  cusum_tbx1  
SEL  15 | evaluated  260 | survivors   59 | families  6 | best   0.207 | median  -0.299 | sigma 0.026 | tsmom vt=0.10
        survivors: squeeze_breakoutx21  fracdiffx16  tsmomx12  lppls_bubblex6  control_randomx2  cusum_tbx2  
SEL  16 | evaluated  260 | survivors   60 | families  6 | best   0.207 | median  -0.302 | sigma 0.023 | tsmom vt=0.10
        survivors: squeeze_breakoutx24  fracdiffx12  lppls_bubblex10  tsmomx9  cusum_tbx3  control_randomx2  
SEL  17 | evaluated  260 | survivors   63 | families  6 | best   0.207 | median  -0.259 | sigma 0.020 | tsmom vt=0.10
        survivors: squeeze_breakoutx22  fracdiffx18  tsmomx14  cusum_tbx4  lppls_bubblex3  control_randomx2  
SEL  18 | evaluated  260 | survivors   68 | families  6 | best   0.207 | median  -0.200 | sigma 0.018 | tsmom vt=0.10
        survivors: squeeze_breakoutx25  fracdiffx18  tsmomx13  lppls_bubblex6  cusum_tbx4  control_randomx2  
SEL  19 | evaluated  260 | survivors   67 | families  6 | best   0.209 | median  -0.243 | sigma 0.016 | tsmom vt=0.10
        survivors: squeeze_breakoutx25  fracdiffx18  tsmomx11  lppls_bubblex7  cusum_tbx4  control_randomx2  

===== Every family, after tuning =====
best genome of the family             train  hold(min) hold(mean)  hold DD   trades  worst env   
-------------------------------------------------------------------------------------------------
tsmom vt=0.10                         0.209     -0.282      0.058    23.4%      469  LTC_USDT    
fracdiff vt=0.15                      0.191     -0.382      0.027    36.3%      467  LTC_USDT    
squeeze_breakout vt=0.15              0.180     -0.300      0.140    28.8%      317  LTC_USDT    
cusum_tb vt=0.10                      0.068     -0.962     -0.412    24.1%      619  XRP_USDT    
lppls_bubble vt=0.10                  0.063     -0.644      0.000    32.7%      765  LTC_USDT    
control_random vt=0.10  <- CONTRO     0.046     -0.368     -0.292    33.6%      349  ETH_USDT    
ehlers_trend vt=0.20                 -0.002     -0.424     -0.035    51.0%      638  LTC_USDT    
odiseo vt=0.10                       -0.032     -0.142      0.085    24.0%      301  LTC_USDT    
macd_norm vt=0.15                    -0.034     -0.546      0.069    45.2%      368  LTC_USDT    
pure_ichimoku+hawkes vt=0.15         -0.101     -0.563     -0.258    30.3%      531  BTC_USDT    
donchian vt=0.30                     -0.104     -0.904     -0.189    51.2%      188  LTC_USDT    
kama_trend vt=0.15                   -0.104     -0.640     -0.119    39.1%      526  LTC_USDT    
faber_ma vt=0.10                     -0.109     -0.414     -0.038    27.6%      227  LTC_USDT    
sma_cross vt=0.10                    -0.118     -0.257     -0.014    25.2%      444  LTC_USDT    
darvas vt=0.30                       -0.174     -0.467     -0.243    41.4%      141  XRP_USDT    
vol_managed vt=0.15                  -0.288     -0.789     -0.396    46.9%     1327  XRP_USDT    
skew_reversal vt=0.15                -0.310     -1.048     -0.543    33.1%      564  XRP_USDT    
patterns+hawkes vt=0.10              -0.460     -0.743     -0.382    22.0%      532  ETH_USDT    
rsi_reversal+hurst vt=0.10           -0.821     -0.935     -0.476    14.4%       76  LTC_USDT    
ou_score vt=0.15                     -1.075     -1.224     -0.808    17.3%      187  ETH_USDT    
fib_ichimoku+hurst vt=0.40           -1.137     -1.719     -1.105    36.6%      192  XRP_USDT    
vr_switch+hurst vt=0.10              -1.465     -1.012     -0.459    10.4%       68  XRP_USDT    
control_always_long vt=0.40  <- C   -49.130     -0.231     -0.149    77.7%        4  ETH_USDT    

===== Finalists: train (searched) vs holdout (never seen) =====
strategy                              train  hold(min) hold(mean)  hold DD   trades   expos%
--------------------------------------------------------------------------------------------
tsmom vt=0.10                         0.209     -0.282      0.058    23.4%      469    50.8%
fracdiff vt=0.15                      0.191     -0.382      0.027    36.3%      467    55.7%
squeeze_breakout vt=0.15              0.180     -0.300      0.140    28.8%      317    29.3%
squeeze_breakout+hawkes vt=0.15       0.151     -0.295      0.071    25.4%      292    27.3%
fracdiff vt=0.10                      0.135     -0.280      0.064    22.3%      447    52.3%
fracdiff vt=0.20                      0.119     -0.342      0.056    44.7%      466    55.8%
tsmom vt=0.15                         0.118     -0.295      0.089    31.3%      488    50.8%
cusum_tb vt=0.10                      0.068     -0.962     -0.412    24.1%      619    66.1%
lppls_bubble vt=0.10                  0.063     -0.644      0.000    32.7%      765    46.3%
squeeze_breakout vt=0.10              0.059     -0.319      0.013    21.8%      306    28.1%
squeeze_breakout vt=0.30              0.049     -0.327      0.013    44.4%      307    27.3%
control_random vt=0.10 <- CONTROL     0.046     -0.368     -0.292    33.6%      349    87.6%

Candidates evaluated: 4505 (4505 distinct genomes)

===== The empirical null =====
Control genomes bred and selected alongside everything else: 441
Best train fitness reached by a CONTROL:  0.046   (control_random vt=0.10)
  that control's holdout min excess Sharpe: -0.368

  The survival threshold X = 0.000 IS PASSABLE BY LUCK at this population and
  generation count: coin-flip entries cleared it. Any survivor whose
  train fitness is at or below 0.046 is not distinguishable from noise,
  and is marked 'below null' above. Raise X, widen the environment set,
  or judge on the holdout columns only.

Real families whose train fitness beat the best control: 11/12
Non-control finalists with POSITIVE holdout excess Sharpe in EVERY environment: 0
Best non-control finalist by holdout: fracdiff vt=0.10  (holdout min excess Sharpe -0.280)
  after correcting for 4505 candidates:
    Sharpe expected from luck alone (worst env): 1.616
    deflated Sharpe, worst environment:          0.000   <- NOT significant

===== Did selection transfer? =====
Rank correlation between what the search maximized (train fitness) and what
the holdout delivered, across the 21 tuned family champions.

  all families:        rho = 0.656, permutation p = 0.002   <- transfers
  better half only:    rho = 0.418, permutation p = 0.235   <- no evidence of transfer

  Read the second line, not the first. A search that only knows which ideas
  are hopeless will score well on the first line while being useless for the
  decision anybody actually makes, which is choosing among the good ones.

  On the holdout, the coin-flip control ranked 5 of 22 family champions.

===== Control survival, selection phase only =====
(during the tuning phase every family keeps its best few by construction,
 so control survival there says nothing.)
  gen 12: control_random survivors = 1
  gen 13: control_random survivors = 1
  gen 14: control_random survivors = 2
  gen 15: control_random survivors = 2
  gen 16: control_random survivors = 2
  gen 17: control_random survivors = 2
  gen 18: control_random survivors = 2
  gen 19: control_random survivors = 2

Saved full results to 'tournament_results/crypto4h_f50.json'

Read this the way the rest of the repo asks you to: the train column was
maximized over and means nothing on its own. Only the holdout columns are
evidence, they were produced by 4505 distinct candidates competing for them,
and the finalists were still chosen by train fitness - so even the holdout figures
carry the selection of 12 survivors out of that pool.
