Environments:
  BTC_USDT               train  17639 bars (8.05y)   holdout   7560 bars (3.45y)
  ETH_USDT               train  15749 bars (7.19y)   holdout   6750 bars (3.08y)
  LTC_USDT               train  17572 bars (8.02y)   holdout   7531 bars (3.44y)
  XRP_USDT               train  17634 bars (8.05y)   holdout   7558 bars (3.45y)
Excluded on cost: pencil_extrap (weight 500.00 > --cost-limit 50.00). Run it with --only pencil_extrap to search it anyway.

Tournament: 23 families, population 260, 20 generations
Survival threshold X = 0.000 on fitness = min over environments of (excess Sharpe vs buy&hold - drawdown penalty)
Structural genes: regime gate on, volatility target on
Speciation: on - breeding capacity is split across surviving families, so one early winner
            cannot take every slot and leave the rest untuned

Phase 1 (tune, generations 0..11): every family keeps its own best 4 and breeds; X is not applied.
Phase 2 (select, generations 12..19): survival requires fitness >= X = 0.000.

TUNE  0 | evaluated  260 | survivors   92 | families 23 | best   0.092 | median  -7.091 | sigma 0.180 | squeeze_breakout vt=0.15
        survivors: control_always_longx4  control_randomx4  cusum_tbx4  darvasx4  donchianx4  ehlers_trendx4  faber_max4  fib_ichimokux4  fracdiffx4  kama_trendx4  
TUNE  1 | evaluated  260 | survivors   92 | families 23 | best   0.231 | median  -1.754 | sigma 0.158 | squeeze_breakout vt=0.15
        survivors: control_always_longx4  control_randomx4  cusum_tbx4  darvasx4  donchianx4  ehlers_trendx4  faber_max4  fib_ichimokux4  fracdiffx4  kama_trendx4  
TUNE  2 | evaluated  260 | survivors   92 | families 23 | best   0.231 | median  -1.616 | sigma 0.139 | squeeze_breakout vt=0.15
        survivors: control_always_longx4  control_randomx4  cusum_tbx4  darvasx4  donchianx4  ehlers_trendx4  faber_max4  fib_ichimokux4  fracdiffx4  kama_trendx4  
TUNE  3 | evaluated  260 | survivors   92 | families 23 | best   0.231 | median  -1.132 | sigma 0.123 | squeeze_breakout vt=0.15
        survivors: control_always_longx4  control_randomx4  cusum_tbx4  darvasx4  donchianx4  ehlers_trendx4  faber_max4  fib_ichimokux4  fracdiffx4  kama_trendx4  
TUNE  4 | evaluated  260 | survivors   92 | families 23 | best   0.231 | median  -1.056 | sigma 0.108 | squeeze_breakout vt=0.15
        survivors: control_always_longx4  control_randomx4  cusum_tbx4  darvasx4  donchianx4  ehlers_trendx4  faber_max4  fib_ichimokux4  fracdiffx4  kama_trendx4  
TUNE  5 | evaluated  260 | survivors   92 | families 23 | best   0.231 | median  -0.831 | sigma 0.095 | squeeze_breakout vt=0.15
        survivors: control_always_longx4  control_randomx4  cusum_tbx4  darvasx4  donchianx4  ehlers_trendx4  faber_max4  fib_ichimokux4  fracdiffx4  kama_trendx4  
TUNE  6 | evaluated  260 | survivors   92 | families 23 | best   0.231 | median  -0.914 | sigma 0.084 | squeeze_breakout vt=0.15
        survivors: control_always_longx4  control_randomx4  cusum_tbx4  darvasx4  donchianx4  ehlers_trendx4  faber_max4  fib_ichimokux4  fracdiffx4  kama_trendx4  
TUNE  7 | evaluated  260 | survivors   92 | families 23 | best   0.231 | median  -0.660 | sigma 0.074 | squeeze_breakout vt=0.15
        survivors: control_always_longx4  control_randomx4  cusum_tbx4  darvasx4  donchianx4  ehlers_trendx4  faber_max4  fib_ichimokux4  fracdiffx4  kama_trendx4  
TUNE  8 | evaluated  260 | survivors   92 | families 23 | best   0.231 | median  -0.660 | sigma 0.065 | squeeze_breakout vt=0.15
        survivors: control_always_longx4  control_randomx4  cusum_tbx4  darvasx4  donchianx4  ehlers_trendx4  faber_max4  fib_ichimokux4  fracdiffx4  kama_trendx4  
TUNE  9 | evaluated  260 | survivors   92 | families 23 | best   0.239 | median  -0.563 | sigma 0.057 | squeeze_breakout vt=0.15
        survivors: control_always_longx4  control_randomx4  cusum_tbx4  darvasx4  donchianx4  ehlers_trendx4  faber_max4  fib_ichimokux4  fracdiffx4  kama_trendx4  
TUNE 10 | evaluated  260 | survivors   92 | families 23 | best   0.239 | median  -0.667 | sigma 0.050 | squeeze_breakout vt=0.15
        survivors: control_always_longx4  control_randomx4  cusum_tbx4  darvasx4  donchianx4  ehlers_trendx4  faber_max4  fib_ichimokux4  fracdiffx4  kama_trendx4  
TUNE 11 | evaluated  260 | survivors   92 | families 23 | best   0.241 | median  -0.598 | sigma 0.044 | fracdiff vt=0.15
        survivors: control_always_longx4  control_randomx4  cusum_tbx4  darvasx4  donchianx4  ehlers_trendx4  faber_max4  fib_ichimokux4  fracdiffx4  kama_trendx4  
SEL  12 | evaluated  260 | survivors   32 | families  9 | best   0.241 | median  -0.500 | sigma 0.039 | fracdiff vt=0.15
        survivors: squeeze_breakoutx8  tsmomx6  fracdiffx5  lppls_bubblex3  odiseox3  ehlers_trendx2  faber_max2  kama_trendx2  macd_normx1  
SEL  13 | evaluated  260 | survivors   60 | families  9 | best   0.241 | median  -0.181 | sigma 0.034 | fracdiff vt=0.15
        survivors: squeeze_breakoutx14  fracdiffx9  lppls_bubblex9  tsmomx9  ehlers_trendx5  faber_max5  kama_trendx3  macd_normx3  odiseox3  
SEL  14 | evaluated  260 | survivors   73 | families  9 | best   0.241 | median  -0.076 | sigma 0.030 | fracdiff vt=0.15
        survivors: squeeze_breakoutx17  fracdiffx12  odiseox10  tsmomx10  ehlers_trendx6  lppls_bubblex6  faber_max5  macd_normx5  kama_trendx2  
SEL  15 | evaluated  260 | survivors   74 | families  9 | best   0.241 | median  -0.126 | sigma 0.026 | fracdiff vt=0.15
        survivors: squeeze_breakoutx16  tsmomx13  fracdiffx12  faber_max9  kama_trendx7  lppls_bubblex6  ehlers_trendx4  odiseox4  macd_normx3  
SEL  16 | evaluated  260 | survivors   85 | families  9 | best   0.241 | median  -0.098 | sigma 0.023 | fracdiff vt=0.15
        survivors: squeeze_breakoutx15  tsmomx15  fracdiffx12  ehlers_trendx11  lppls_bubblex10  odiseox8  faber_max5  kama_trendx5  macd_normx4  
SEL  17 | evaluated  260 | survivors   91 | families  9 | best   0.241 | median  -0.071 | sigma 0.020 | fracdiff vt=0.15
        survivors: squeeze_breakoutx19  tsmomx15  fracdiffx12  lppls_bubblex12  faber_max9  ehlers_trendx8  odiseox6  kama_trendx5  macd_normx5  
SEL  18 | evaluated  260 | survivors   91 | families  9 | best   0.278 | median  -0.065 | sigma 0.018 | fracdiff vt=0.15
        survivors: squeeze_breakoutx21  fracdiffx14  lppls_bubblex11  tsmomx11  kama_trendx9  ehlers_trendx8  odiseox8  faber_max6  macd_normx3  
SEL  19 | evaluated  260 | survivors  105 | families  9 | best   0.278 | median  -0.037 | sigma 0.016 | fracdiff vt=0.15
        survivors: squeeze_breakoutx19  fracdiffx17  tsmomx15  lppls_bubblex13  ehlers_trendx12  odiseox9  kama_trendx8  faber_max6  macd_normx6  

===== Every family, after tuning =====
best genome of the family             train  hold(min) hold(mean)  hold DD   trades  worst env   
-------------------------------------------------------------------------------------------------
fracdiff vt=0.15                      0.278     -0.372     -0.040    27.6%      271  LTC_USDT    
squeeze_breakout vt=0.15              0.240     -0.408     -0.051    27.4%      194  BTC_USDT    
lppls_bubble vt=0.10                  0.214     -0.479     -0.004    23.6%      572  LTC_USDT    
tsmom vt=0.10                         0.213     -0.571      0.024    20.1%      243  LTC_USDT    
ehlers_trend+pe vt=0.20               0.154     -0.904     -0.010    47.8%      379  LTC_USDT    
macd_norm+hawkes vt=0.15              0.122     -0.701     -0.098    32.9%      358  LTC_USDT    
kama_trend vt=0.10                    0.069     -0.922     -0.266    24.5%      279  LTC_USDT    
odiseo vt=0.10                        0.059     -0.412     -0.127    22.3%      221  BTC_USDT    
faber_ma vt=0.10                      0.051     -0.501     -0.158    27.2%      151  LTC_USDT    
donchian vt=0.15                     -0.013     -0.398      0.079    21.8%      140  LTC_USDT    
pure_ichimoku+pe vt=0.15             -0.046     -0.738     -0.231    28.3%      537  LTC_USDT    
control_random vt=0.10  <- CONTRO    -0.049     -0.249      0.040    27.6%      148  BTC_USDT    
darvas vt=0.30                       -0.075     -0.866     -0.492    29.3%       89  XRP_USDT    
cusum_tb vt=0.15                     -0.145     -1.283     -0.888    29.6%      547  XRP_USDT    
sma_cross vt=0.10                    -0.150     -0.902     -0.516    23.8%      331  BTC_USDT    
vol_managed vt=0.10                  -0.202     -0.744     -0.252    22.6%      634  XRP_USDT    
skew_reversal vt=0.10                -0.435     -2.014     -0.358    25.8%      193  XRP_USDT    
rsi_reversal vt=0.10                 -0.444     -1.301     -0.421    17.0%      146  XRP_USDT    
patterns+hawkes vt=0.10              -0.513     -1.157     -0.816    22.2%      439  BTC_USDT    
fib_ichimoku+pe vt=0.15              -0.855     -1.922     -1.112    15.5%       64  ETH_USDT    
vr_switch+hurst vt=0.10              -0.945     -0.762     -0.617    10.2%       58  ETH_USDT    
ou_score+hawkes vt=0.10              -1.221     -1.425     -0.691    17.9%       79  ETH_USDT    
control_always_long+pe vt=0.10  <   -49.379     -0.993     -0.583     0.0%        0  BTC_USDT    

===== Finalists: train (searched) vs holdout (never seen) =====
strategy                              train  hold(min) hold(mean)  hold DD   trades   expos%
--------------------------------------------------------------------------------------------
fracdiff vt=0.15                      0.278     -0.372     -0.040    27.6%      271    50.3%
squeeze_breakout vt=0.15              0.240     -0.408     -0.051    27.4%      194    27.9%
lppls_bubble vt=0.10                  0.214     -0.479     -0.004    23.6%      572    45.6%
tsmom vt=0.10                         0.213     -0.571      0.024    20.1%      243    51.0%
tsmom+hawkes vt=0.10                  0.190     -0.698     -0.005    23.4%      247    49.0%
fracdiff vt=0.10                      0.164     -0.234      0.078    22.3%      230    50.2%
ehlers_trend+pe vt=0.20               0.154     -0.904     -0.010    47.8%      379    49.6%
tsmom vt=0.15                         0.146     -0.275      0.047    28.8%      271    51.3%
squeeze_breakout vt=0.20              0.127     -0.350     -0.009    32.2%      191    27.4%
macd_norm+hawkes vt=0.15              0.122     -0.701     -0.098    32.9%      358    41.1%
ehlers_trend+hawkes vt=0.20           0.121     -0.704     -0.110    41.1%      364    49.7%
fracdiff vt=0.20                      0.116     -0.270      0.037    35.8%      269    52.1%
control_random vt=0.10 <- CONTROL    -0.049     -0.249      0.040    27.6%      148    95.7%

Candidates evaluated: 4528 (4527 distinct genomes)

===== The empirical null =====
Control genomes bred and selected alongside everything else: 262
Best train fitness reached by a CONTROL:  -0.049   (control_random vt=0.10)
  that control's holdout min excess Sharpe: -0.249

  No control reached the survival threshold, so X = 0.000 is not passable by luck
  at this population and generation count.

Real families whose train fitness beat the best control: 12/13
Non-control finalists with POSITIVE holdout excess Sharpe in EVERY environment: 0
Best non-control finalist by holdout: fracdiff vt=0.10  (holdout min excess Sharpe -0.234)
  after correcting for 4527 candidates:
    Sharpe expected from luck alone (worst env): 2.087
    deflated Sharpe, worst environment:          0.000   <- NOT significant

===== Did selection transfer? =====
Rank correlation between what the search maximized (train fitness) and what
the holdout delivered, across the 21 tuned family champions.

  all families:        rho = 0.731, permutation p = 0.000   <- transfers
  better half only:    rho = 0.200, permutation p = 0.580   <- no evidence of transfer

  Read the second line, not the first. A search that only knows which ideas
  are hopeless will score well on the first line while being useless for the
  decision anybody actually makes, which is choosing among the good ones.

  On the holdout, the coin-flip control ranked 1 of 22 family champions.
  Nothing in this pool generalized meaningfully better than random
  entries. Whatever the top of the train column says, that is the
  result.

===== Control survival, selection phase only =====
(during the tuning phase every family keeps its best few by construction,
 so control survival there says nothing.)
  No control candidate ever cleared the survival threshold. That is the
  result you want: the threshold is not passable by luck here.

Saved full results to 'tournament_results/crypto4h_f70.json'

Read this the way the rest of the repo asks you to: the train column was
maximized over and means nothing on its own. Only the holdout columns are
evidence, they were produced by 4527 distinct candidates competing for them,
and the finalists were still chosen by train fitness - so even the holdout figures
carry the selection of 13 survivors out of that pool.
